1-Imprime en consola "Hello World".

 echo $ 'hello world'
hello world

2- Crea un directorio nuevo llamado new_dir.
 mkdir new_dir

3-Elimina ese directorio.
rm -rf new_dir

4-Copia el archivo sed.txt dentro de la carpeta lorem a la carpeta lorem-copy.
cp sed.txt ~/Desktop/Lab_bash-1/lorem-copy

5-Copia los otros dos archivos de la carpeta lorem a la carpeta lorem-copy en una sola linea mediante el pipe ; 
cp at.txt ~/Desktop/Lab_bash-1/lorem-copy ; cp lorem.txt ~/Desktop/Lab_bash-1/lorem-copy

Vicente@LAPTOP-STVE6LI5 MINGW64 ~/Desktop/Lab_bash-1/lorem-copy (master)
$ ls
at.txt  lorem.txt  sed.txt

6- Muestra el contenido del archivo sed.txt dentro de la carpeta lorem.

$ cat sed.txt
Sed ut perspiciatis unde omnis iste natus error sit voluptatem accusantium doloremque laudantium,
totam rem aperiam, eaque ipsa quae ab illo inventore veritatis et quasi architecto beatae vitae dicta sunt explicabo.
Nemo enim ipsam voluptatem quia voluptas sit aspernatur aut odit aut fugit,
sed quia consequuntur magni dolores eos qui ratione voluptatem sequi nesciunt.
Neque porro quisquam est, qui dolorem ipsum quia dolor sit amet, consectetur, adipisci velit,
sed quia non numquam eius modi tempora incidunt ut labore et dolore magnam aliquam quaerat voluptatem.
Ut enim ad minima veniam, quis nostrum exercitationem ullam corporis suscipit laboriosam,
nisi ut aliquid ex ea commodi consequatur? Quis autem vel eum iure reprehenderit qui in ea voluptate velit esse quam nihil molestiae consequatur,
vel illum qui dolorem eum fugiat quo voluptas nulla pariatur?

7-Muestra el contenido de los archivos at.txt y lorem.txt dentro de la carpeta lorem.

$ cat at.txt ; cat lorem.txt
At vero eos et accusamus et iusto odio dignissimos ducimus qui blanditiis praesentium voluptatum
deleniti atque corrupti quos dolores et quas molestias excepturi sint occaecati cupiditate non
provident, similique sunt in culpa qui officia deserunt mollitia animi, id est laborum et dolorum fuga.
Et harum quidem rerum facilis est et expedita distinctio.
Nam libero tempore, cum soluta nobis est eligendi optio cumque nihil impedit quo minus id quod
maxime placeat facere possimus, omnis voluptas assumenda est, omnis dolor repellendus.
Temporibus autem quibusdam et aut officiis debitis aut rerum necessitatibus saepe eveniet
ut et voluptates repudiandae sint et molestiae non recusandae.
Itaque earum rerum hic tenetur a sapiente delectus, ut aut reiciendis voluptatibus maiores
alias consequatur aut perferendis doloribus asperiores repellatLorem ipsum dolor sit amet, consectetur adipiscing elit, sed do eiusmod tempor incididunt ut labore et dolore magna aliqua.
Ut enim ad minim veniam, quis nostrud exercitation ullamco laboris nisi ut aliquip ex ea commodo consequat.
Duis aute irure dolor in reprehenderit in voluptate velit esse cillum dolore eu fugiat nulla pariatur.
Excepteur sint occaecat cupidatat non proident, sunt in culpa qui officia deserunt mollit anim id est laborum.

8-Visualiza las primeras 3 linas del archivo sed.txt dentro de la carpeta lorem-copy


$ head -n3 sed.txt
Sed ut perspiciatis unde omnis iste natus error sit voluptatem accusantium doloremque laudantium,
totam rem aperiam, eaque ipsa quae ab illo inventore veritatis et quasi architecto beatae vitae dicta sunt explicabo.
Nemo enim ipsam voluptatem quia voluptas sit aspernatur aut odit aut fugit,

9-Visualiza las ultimas 3 linas del archivo sed.txt dentro de la carpeta lorem-copy


$ tail -n3 sed.txt
Ut enim ad minima veniam, quis nostrum exercitationem ullam corporis suscipit laboriosam,
nisi ut aliquid ex ea commodi consequatur? Quis autem vel eum iure reprehenderit qui in ea voluptate velit esse quam nihil molestiae consequatur,
vel illum qui dolorem eum fugiat quo voluptas nulla pariatur?

10-Añade Homo homini lupus. al final de archivo sed.txt dentro de la carpeta lorem-copy.

Vicente@LAPTOP-STVE6LI5 MINGW64 ~/Desktop/Lab_bash-1/lorem-copy (master)
$ nano sed.txt

Vicente@LAPTOP-STVE6LI5 MINGW64 ~/Desktop/Lab_bash-1/lorem-copy (master)
$ cat sed.txt
Sed ut perspiciatis unde omnis iste natus error sit voluptatem accusantium doloremque laudantium,
totam rem aperiam, eaque ipsa quae ab illo inventore veritatis et quasi architecto beatae vitae dicta sunt explicabo.
Nemo enim ipsam voluptatem quia voluptas sit aspernatur aut odit aut fugit,
sed quia consequuntur magni dolores eos qui ratione voluptatem sequi nesciunt.
Neque porro quisquam est, qui dolorem ipsum quia dolor sit amet, consectetur, adipisci velit,
sed quia non numquam eius modi tempora incidunt ut labore et dolore magnam aliquam quaerat voluptatem.
Ut enim ad minima veniam, quis nostrum exercitationem ullam corporis suscipit laboriosam,
nisi ut aliquid ex ea commodi consequatur? Quis autem vel eum iure reprehenderit qui in ea voluptate velit esse quam nihil molestiae consequatur,
vel illum qui dolorem eum fugiat quo voluptas nulla pariatur?
homo homini lupus.

11-Visualiza las últimas 3 linas del archivo sed.txt dentro de la carpeta lorem-copy. Deberías ver ahora Homo homini lupus..



Vicente@LAPTOP-STVE6LI5 MINGW64 ~/Desktop/Lab_bash-1/lorem-copy (master)
$ tail -1 sed.txt
homo homini lupus.

12-Sustituye todas las apariciones de et por ET del archivo at.txt dentro de la carpeta lorem a la carpeta lorem-copy. Deberás usar sed.

$ sed -i 's/et/ET/' at.txt
cp at.txt ~/Desktop/Lab_bash-1/lorem-copy

13-Encuentra al usuario activo en el sistema.
$ git config --global --get user.name
v.diazpliego

14-Encuentra dónde estás en tu sistema de ficheros.
$ pwd
/c/Users/Vicente/Desktop/Lab_bash-1/lorem

15-Lista los archivos que terminan por .txt en la carpeta lorem.


$ ls  ~/Desktop/Lab_bash-1/lorem/*.txt
/c/Users/Vicente/Desktop/Lab_bash-1/lorem/at.txt  /c/Users/Vicente/Desktop/Lab_bash-1/lorem/lorem.txt  /c/Users/Vicente/Desktop/Lab_bash-1/lorem/sed.txt

16-Cuenta el número de lineas que tiene el archivo sed.txt dentro de la carpeta lorem. Tendrás que encadenar cat y wc mediante el pipe |.


$ cat sed.txt | wc -l
8


17- Cuenta el número de archivos que empiezan por lorem que están en este directorio y en directorios internos


$ find lorem
lorem
lorem/at.txt
lorem/lorem-copy
lorem/lorem.txt
lorem/sed.txt

18- Encuentra todas las apariciones de et en at.txt dentro de la carpeta lorem.


Vicente@LAPTOP-STVE6LI5 MINGW64 ~/desktop/Lab_bash-1/lorem-copy (master)
$ grep et at.txt


19-Cuenta el número de apariciones del string et en at.txt dentro de la carpeta lorem. Para ello debes obtener sólo los string buscados y contar las lineas.


$ grep -w 'et' at.txt | wc -l
2

20-Cuenta el número de apariciones del string et en todos los archivos del directorio lorem-copy.


Vicente@LAPTOP-STVE6LI5 MINGW64 ~/desktop/Lab_bash-1/lorem-copy (master)
$ grep -w 'et' * | wc -l
5

$ grep -w 'et' ~/desktop/Lab_bash-1/lorem-copy *.txt | wc -l
grep: /c/Users/Vicente/desktop/Lab_bash-1/lorem-copy: Is a directory
5

